Menu:
r to find a route
b to see a list of all buildings
q to quit

Enter an option ('m' to see the menu): # Verify that the program simply echos comment lines.

# one comment line

# two comment lines(1)
# two comment lines(2)

# quit
