Menu:
r to find a route
b to see a list of all buildings
q to quit

Enter an option ('m' to see the menu): # Verify that the program simply echos empty lines.

# one empty line

# two empty lines


# quit
