# Tests that a graph can be created(empty graph).

# Create a graph
created graph g

# Print the nodes in the graph
g contains: