# Test load a graph with no nodes.

# Load graph
loaded graph empty

# List nodes
empty contains:

# Find a nonexist minimum-cost path
unknown character node1
unknown character node2