# Test Dijkstra finding a path,
# it prints one "unknown character notFlower" line, if notFlower is not in graph.

# load graph
loaded graph g

# find a minimum-cost path with dest node no in the graph
unknown character notFlower