# Test load a graph flowers.

# Load graph
loaded graph flowers